<?xml version="1.0" encoding="UTF-8"?>
<testsuites name="jest tests" tests="1" failures="0" errors="0" time="11.204">
  <testsuite name="undefined" errors="0" failures="0" skipped="0" timestamp="2025-10-04T03:00:09" time="9.307" tests="1">
    <testcase classname=" ok" name=" ok" time="0.012">
    </testcase>
  </testsuite>
</testsuites>